Renderer: NVIDIA GeForce RTX 4090/PCIe/SSE2 by NVIDIA Corporation
OpenGL version: 4.6.0 NVIDIA 580.126.09
Using optional features:
    GL_ARB_vertex_array_object
    GL_ARB_separate_shader_objects
    GL_ARB_robustness
    GL_ARB_texture_storage
    GL_ARB_texture_view
    GL_ARB_framebuffer_no_attachments
    GL_ARB_invalidate_subdata
    GL_ARB_texture_storage_multisample
    GL_ARB_multi_bind
    GL_ARB_direct_state_access
    GL_ARB_get_texture_sub_image
    GL_ARB_texture_filter_anisotropic
    GL_KHR_debug
    GL_KHR_parallel_shader_compile
    GL_NV_depth_buffer_float
Using driver workarounds:
    no-forward-compatible-core-context
    nv-egl-incorrect-gl11-function-pointers
    no-layout-qualifiers-on-old-glsl
    nv-zero-context-profile-mask
    nv-implementation-color-read-format-dsa-broken
    nv-cubemap-inconsistent-compressed-image-size
    nv-cubemap-broken-full-compressed-image-query
    nv-compressed-block-size-in-bits
[00:28:03:881560]:[Warning]:[Metadata] SceneDatasetAttributes.cpp(107)::addNewSceneInstanceToDataset : Dataset : '00835-q3zU7Yy5E5s' : Lighting Layout Attributes 'no_lights' specified in Scene Attributes but does not exist in dataset, so creating default.
Support diagnostic: {"counts": {"semantic_objects": 131, "support_categories": 131, "no_matching_collision_surface": 159, "points": 135, "height_filter": 1}, "source": "rendered semantic+depth", "support_categories": {"shower cabin": 5, "heater": 9, "bathroom towel": 3, "sink": 4, "mirror": 6, "bag": 3, "table cloth": 4, "blanket": 4, "bed sheet": 2, "l-shaped sofa": 2, "nightstand": 3, "tray": 3, "cabinet": 15, "shelf": 3, "unknown": 3, "firewood": 2, "glass": 1, "pillow": 5, "couch": 2, "dining chair": 5, "armchair": 11, "kitchen cabinet": 3, "vessel": 1, "telephone": 1, "beam": 2, "kitchen appliance": 5, "box of tissues": 1, "column": 2, "bed": 4, "board": 3, "brush": 1, "toilet": 1, "cloth": 1, "folding chair": 3, "utensil": 3, "appliance": 1, "kitchen top": 1, "fireplace": 1, "book": 2}, "categories_sample": {"cabinet": 15, "armchair": 11, "heater": 9, "mirror": 6, "shower cabin": 5, "pillow": 5, "dining chair": 5, "kitchen appliance": 5, "sink": 4, "table cloth": 4, "blanket": 4, "bed": 4, "bathroom towel": 3, "bag": 3, "nightstand": 3, "tray": 3, "shelf": 3, "unknown": 3, "kitchen cabinet": 3, "board": 3, "folding chair": 3, "utensil": 3, "bed sheet": 2, "l-shaped sofa": 2, "firewood": 2, "couch": 2, "beam": 2, "column": 2, "book": 2, "glass": 1}, "aabb_samples": [{"category": "shower cabin", "min": [-7.138838768005371, 3.8941519260406494, -2.9427528381347656], "max": [-7.067345142364502, 3.934565782546997, -2.8928470611572266], "size": [0.07149362564086914, 0.040413856506347656, 0.04990577697753906]}, {"category": "shower cabin", "min": [-7.035930633544922, 3.87294864654541, -2.913609027862549], "max": [-7.011684417724609, 3.879448652267456, -2.8839402198791504], "size": [0.0242462158203125, 0.0065000057220458984, 0.029668807983398438]}, {"category": "heater", "min": [-7.572534561157227, 3.426534414291382, -1.9901976585388184], "max": [-7.157108306884766, 3.4520719051361084, -1.9369784593582153], "size": [0.41542625427246094, 0.025537490844726562, 0.05321919918060303]}, {"category": "shower cabin", "min": [-7.033838748931885, 3.748666524887085, -2.91646409034729], "max": [-7.003300666809082, 3.7566072940826416, -2.8988635540008545], "size": [0.030538082122802734, 0.00794076919555664, 0.017600536346435547]}, {"category": "shower cabin", "min": [-7.071554183959961, 3.691725015640259, -2.9452757835388184], "max": [-7.071554183959961, 3.691725015640259, -2.9452757835388184], "size": [0.0, 0.0, 0.0]}, {"category": "bathroom towel", "min": [-7.411313056945801, 3.4476218223571777, -2.0079214572906494], "max": [-7.158673286437988, 3.4492428302764893, -2.0006420612335205], "size": [0.2526397705078125, 0.0016210079193115234, 0.007279396057128906]}, {"category": "sink", "min": [-7.449326515197754, 3.3703861236572266, -2.6909377574920654], "max": [-7.302924633026123, 3.374063014984131, -2.180973768234253], "size": [0.14640188217163086, 0.003676891326904297, 0.5099639892578125]}, {"category": "mirror", "min": [-6.253068447113037, 3.7122154235839844, -1.8797399997711182], "max": [-6.253068447113037, 3.7122154235839844, -1.8797399997711182], "size": [0.0, 0.0, 0.0]}, {"category": "mirror", "min": [-6.672927379608154, 3.480733633041382, -1.902815341949463], "max": [-6.197131156921387, 3.5453686714172363, -1.8324205875396729], "size": [0.4757962226867676, 0.06463503837585449, 0.07039475440979004]}, {"category": "bathroom towel", "min": [-6.842472553253174, 3.439626693725586, -2.008634567260742], "max": [-6.762975692749023, 3.451517343521118, -1.9625072479248047], "size": [0.07949686050415039, 0.011890649795532227, 0.0461273193359375]}, {"category": "bag", "min": [-6.020809173583984, 4.041627407073975, -3.270585775375366], "max": [-6.007198810577393, 4.04874324798584, -3.224349021911621], "size": [0.013610363006591797, 0.007115840911865234, 0.04623675346374512]}, {"category": "bag", "min": [-6.066873550415039, 3.974154233932495, -3.254387140274048], "max": [-6.005699157714844, 4.039882183074951, -3.178447961807251], "size": [0.06117439270019531, 0.06572794914245605, 0.07593917846679688]}]}
