Renderer: NVIDIA GeForce RTX 4090/PCIe/SSE2 by NVIDIA Corporation
OpenGL version: 4.6.0 NVIDIA 580.126.09
Using optional features:
    GL_ARB_vertex_array_object
    GL_ARB_separate_shader_objects
    GL_ARB_robustness
    GL_ARB_texture_storage
    GL_ARB_texture_view
    GL_ARB_framebuffer_no_attachments
    GL_ARB_invalidate_subdata
    GL_ARB_texture_storage_multisample
    GL_ARB_multi_bind
    GL_ARB_direct_state_access
    GL_ARB_get_texture_sub_image
    GL_ARB_texture_filter_anisotropic
    GL_KHR_debug
    GL_KHR_parallel_shader_compile
    GL_NV_depth_buffer_float
Using driver workarounds:
    no-forward-compatible-core-context
    nv-egl-incorrect-gl11-function-pointers
    no-layout-qualifiers-on-old-glsl
    nv-zero-context-profile-mask
    nv-implementation-color-read-format-dsa-broken
    nv-cubemap-inconsistent-compressed-image-size
    nv-cubemap-broken-full-compressed-image-query
    nv-compressed-block-size-in-bits
[00:11:36:352369]:[Warning]:[Metadata] SceneDatasetAttributes.cpp(107)::addNewSceneInstanceToDataset : Dataset : '00810-CrMo8WxCyVb' : Lighting Layout Attributes 'no_lights' specified in Scene Attributes but does not exist in dataset, so creating default.
Support diagnostic: {"counts": {"semantic_objects": 136, "support_categories": 136, "no_matching_collision_surface": 201, "points": 176, "height_filter": 7, "far_from_navmesh": 1}, "source": "rendered semantic+depth", "support_categories": {"cabinet": 26, "vase": 3, "seat": 1, "pillow": 15, "bathroom cabinet": 2, "bed": 5, "unknown": 19, "desk": 2, "box": 6, "chair": 15, "balustrade": 8, "sink cabinet": 3, "towel": 4, "toilet": 4, "bathtub": 3, "couch": 2, "frame": 2, "sculpture": 2, "dresser": 1, "nightstand": 5, "washing machine": 3, "clock": 2, "flower vase": 2, "basket": 1}, "categories_sample": {"cabinet": 26, "unknown": 19, "pillow": 15, "chair": 15, "balustrade": 8, "box": 6, "bed": 5, "nightstand": 5, "towel": 4, "toilet": 4, "vase": 3, "sink cabinet": 3, "bathtub": 3, "washing machine": 3, "bathroom cabinet": 2, "desk": 2, "couch": 2, "frame": 2, "sculpture": 2, "clock": 2, "flower vase": 2, "seat": 1, "dresser": 1, "basket": 1}, "aabb_samples": [{"category": "cabinet", "min": [-3.8376591205596924, 0.947537899017334, 1.480743408203125], "max": [-3.320397138595581, 0.9748390316963196, 3.1490886211395264], "size": [0.5172619819641113, 0.027301132678985596, 1.6683452129364014]}, {"category": "cabinet", "min": [-7.3445258140563965, 0.7686055302619934, -0.12653519213199615], "max": [-6.952653408050537, 0.80022132396698, 0.2560747563838959], "size": [0.3918724060058594, 0.03161579370498657, 0.38260994851589203]}, {"category": "vase", "min": [-3.6310062408447266, 0.9589173197746277, 1.6045269966125488], "max": [-3.4683799743652344, 0.990492045879364, 1.6776376962661743], "size": [0.1626262664794922, 0.03157472610473633, 0.07311069965362549]}, {"category": "seat", "min": [-6.003720760345459, 0.4872346520423889, -1.2324782609939575], "max": [-4.832823753356934, 0.5108125805854797, -0.8455737829208374], "size": [1.1708970069885254, 0.02357792854309082, 0.3869044780731201]}, {"category": "cabinet", "min": [-7.278497219085693, 0.7686691284179688, 3.4191091060638428], "max": [-6.944909572601318, 0.7869600653648376, 3.831341028213501], "size": [0.333587646484375, 0.018290936946868896, 0.4122319221496582]}, {"category": "pillow", "min": [-7.075268268585205, 1.0155160427093506, 1.5704480409622192], "max": [-7.075268268585205, 1.0155160427093506, 1.5704480409622192], "size": [0.0, 0.0, 0.0]}, {"category": "bathroom cabinet", "min": [0.3701941967010498, 0.9342650771141052, 0.7461487650871277], "max": [0.9125469326972961, 0.9352600574493408, 0.8475160002708435], "size": [0.5423527359962463, 0.0009949803352355957, 0.10136723518371582]}, {"category": "cabinet", "min": [-3.832988977432251, 0.45055532455444336, 1.786038875579834], "max": [-3.832988977432251, 0.45055532455444336, 1.786038875579834], "size": [0.0, 0.0, 0.0]}, {"category": "pillow", "min": [-5.994411468505859, 0.8557937741279602, -1.1999307870864868], "max": [-5.8827385902404785, 0.8658924102783203, -1.1308704614639282], "size": [0.11167287826538086, 0.010098636150360107, 0.0690603256225586]}, {"category": "pillow", "min": [-5.640608787536621, 0.5012103319168091, -1.0393364429473877], "max": [-5.640608787536621, 0.5012103319168091, -1.0393364429473877], "size": [0.0, 0.0, 0.0]}, {"category": "bed", "min": [-6.728973388671875, 0.400462806224823, 2.891359329223633], "max": [-6.728973388671875, 0.400462806224823, 2.891359329223633], "size": [0.0, 0.0, 0.0]}, {"category": "cabinet", "min": [-8.130029678344727, 1.0058923959732056, 7.428120136260986], "max": [-7.549254894256592, 1.0786470174789429, 8.128110885620117], "size": [0.5807747840881348, 0.0727546215057373, 0.6999907493591309]}]}
