[NLP] Loaded SentenceTransformer (all-MiniLM-L6-v2) for semantic matching ✅
component: SentenceTransformer weights {'label': 0.05, 'color': 0.45, 'material': 0.3, 'description': 0.2}

cycles with detections: 38 of 38; detections 226; old run: exploration cycles 9, mode_transition once ('a stable object moved', sofa#1 0.933 m)

== OLD weights {'label': 0.05, 'color': 0.3, 'material': 0.15, 'description': 0.5}
   reviewer's walk (mode never flips): detections passing the transition gates = 7 of 55 exploration-window detections
       (3, '262ab4', 'rug', 'rug', 0.69, 0.0, 0.0, 'REBUILD+reset_fusion')
       (5, '149881', 'plant', 'plant#1', 0.42, 0.073, 0.0, 'in_place')
       (5, '149881', 'rug', 'rug', 1.34, 0.0, 0.18, 'REBUILD+reset_fusion')
       (8, '2b4832', 'sofa#2', 'sofa#1', 0.93, 0.024, 0.0, 'REBUILD+reset_fusion')
       (8, '2b4832', 'rug', 'rug', 0.47, 0.0, 0.04, 'in_place')
       (9, 'd7e169', 'chair#2', 'chair#1', 1.32, 0.0, 0.6, 'REBUILD+reset_fusion')
       (9, 'd7e169', 'rug', 'rug', 0.37, 0.0, 0.04, 'in_place')
   single-shot walk (real semantics): exploration-window detections 21, tracking detections 205
   the ONE transition: (3, '262ab4', 'rug', 'rug', 0.69, 0.0, 0.0, 'REBUILD+reset_fusion')
   TRACKING loop under gap locality: absorbed 78 of 205; in place 55; REBUILD branch (stable, d>=0.5, iou<0.3): 23
      rebuild: (4, '272a48', 'rug', 'rug', 1.04, 0.14, 0.0)
      rebuild: (5, '149881', 'sofa#2', 'sofa#2', 0.53, 0.214, 0.0)
      rebuild: (5, '149881', 'rug', 'rug', 1.34, 0.0, 0.18)
      rebuild: (8, '2b4832', 'sofa#2', 'sofa#1', 0.93, 0.024, 0.0)
      rebuild: (9, 'd7e169', 'sofa', 'sofa#1', 0.56, 0.104, 0.0)
      rebuild: (10, '347dc7', 'rug', 'rug', 1.49, 0.0, 0.16)
      rebuild: (12, 'f05f64', 'sofa', 'sofa#1', 0.62, 0.044, 0.0)
      rebuild: (15, 'fb42bc', 'sofa', 'sofa#1', 0.59, 0.0, 0.22)
      rebuild: (17, 'aeabbc', 'rug', 'rug', 0.89, 0.0, 0.0)
      rebuild: (18, '007762', 'sofa#1', 'sofa#1', 0.64, 0.07, 0.0)
      rebuild: (21, '5a3a5c', 'painting', 'painting', 1.2, 0.0, 0.26)
      rebuild: (21, '5a3a5c', 'sofa#1', 'sofa', 0.52, 0.116, 0.0)
      rebuild: (21, '5a3a5c', 'rug', 'rug', 0.93, 0.18, 0.0)
      rebuild: (22, 'd1b64c', 'rug', 'rug', 1.27, 0.0, 0.0)
      rebuild: (27, 'a6699e', 'cabinet#4', 'cabinet#2', 0.91, 0.043, 0.0)
      rebuild: (28, 'ccd5b6', 'cabinet#1', 'cabinet#1', 1.5, 0.0, 0.3)
      rebuild: (28, 'ccd5b6', 'cabinet#4', 'cabinet#2', 0.67, 0.054, 0.0)
      rebuild: (29, '35b2be', 'cabinet#4', 'cabinet#2', 1.02, 0.0, 0.2)
      rebuild: (31, '070e65', 'cabinet#1', 'cabinet', 0.67, 0.035, 0.0)
      rebuild: (32, '11477b', 'cabinet#3', 'cabinet#2', 0.62, 0.074, 0.0)
      rebuild: (33, '5bf532', 'cabinet#3', 'cabinet#2', 1.03, 0.011, 0.0)
      rebuild: (35, '5d8efa', 'cabinet#3', 'cabinet#4', 0.91, 0.0, 0.13)
      rebuild: (35, '5d8efa', 'cabinet#6', 'cabinet#2', 0.58, 0.029, 0.0)
   baseline tracking gate was IoU >= 0.3, and the handler's `iou >= 0.3` is in place: rebuild unreachable from the tracking loop (0 by construction)

== BRANCH weights {'label': 0.05, 'color': 0.45, 'material': 0.3, 'description': 0.2}
   reviewer's walk (mode never flips): detections passing the transition gates = 7 of 55 exploration-window detections
       (3, '262ab4', 'rug', 'rug', 0.69, 0.0, 0.0, 'REBUILD+reset_fusion')
       (5, '149881', 'plant', 'plant#1', 0.42, 0.073, 0.0, 'in_place')
       (5, '149881', 'rug', 'rug', 1.34, 0.0, 0.18, 'REBUILD+reset_fusion')
       (7, '0e6c3c', 'plant', 'plant#1', 0.54, 0.0, 0.04, 'REBUILD+reset_fusion')
       (8, '2b4832', 'sofa#2', 'sofa#1', 0.93, 0.024, 0.0, 'REBUILD+reset_fusion')
       (8, '2b4832', 'rug', 'rug', 0.47, 0.0, 0.04, 'in_place')
       (9, 'd7e169', 'rug', 'rug', 0.37, 0.0, 0.04, 'in_place')
   single-shot walk (real semantics): exploration-window detections 21, tracking detections 205
   the ONE transition: (3, '262ab4', 'rug', 'rug', 0.69, 0.0, 0.0, 'REBUILD+reset_fusion')
   TRACKING loop under gap locality: absorbed 98 of 205; in place 65; REBUILD branch (stable, d>=0.5, iou<0.3): 33
      rebuild: (4, '272a48', 'rug', 'rug', 1.04, 0.14, 0.0)
      rebuild: (5, '149881', 'sofa#2', 'sofa#2', 0.53, 0.214, 0.0)
      rebuild: (5, '149881', 'rug', 'rug', 1.34, 0.0, 0.18)
      rebuild: (7, '0e6c3c', 'plant', 'plant#1', 0.54, 0.0, 0.04)
      rebuild: (8, '2b4832', 'sofa#2', 'sofa#1', 0.93, 0.024, 0.0)
      rebuild: (9, 'd7e169', 'sofa', 'sofa#1', 0.56, 0.104, 0.0)
      rebuild: (10, '347dc7', 'rug', 'rug', 1.49, 0.0, 0.16)
      rebuild: (12, 'f05f64', 'sofa', 'sofa#1', 0.62, 0.044, 0.0)
      rebuild: (15, 'fb42bc', 'sofa', 'sofa#1', 0.59, 0.0, 0.22)
      rebuild: (17, 'aeabbc', 'rug', 'rug', 0.89, 0.0, 0.0)
      rebuild: (18, '007762', 'sofa#1', 'sofa#1', 0.64, 0.07, 0.0)
      rebuild: (21, '5a3a5c', 'painting', 'painting', 1.2, 0.0, 0.26)
      rebuild: (21, '5a3a5c', 'sofa#1', 'sofa', 0.52, 0.116, 0.0)
      rebuild: (21, '5a3a5c', 'rug', 'rug', 0.93, 0.18, 0.0)
      rebuild: (22, 'd1b64c', 'rug', 'rug', 1.27, 0.0, 0.0)
      rebuild: (26, '21b5d4', 'table', 'object', 0.58, 0.0, 0.2)
      rebuild: (27, 'a6699e', 'cabinet#4', 'cabinet#2', 0.91, 0.043, 0.0)
      rebuild: (27, 'a6699e', 'stove', 'oven', 0.54, 0.041, 0.0)
      rebuild: (28, 'ccd5b6', 'cabinet#1', 'cabinet#1', 1.5, 0.0, 0.3)
      rebuild: (28, 'ccd5b6', 'cabinet#4', 'cabinet#2', 0.67, 0.054, 0.0)
      rebuild: (28, 'ccd5b6', 'cushion#1', 'seat', 0.62, 0.055, 0.0)
      rebuild: (29, '35b2be', 'cabinet#4', 'cabinet#2', 1.02, 0.0, 0.2)
      rebuild: (31, '070e65', 'cabinet#1', 'cabinet', 0.67, 0.035, 0.0)
      rebuild: (31, '070e65', 'cabinet#2', 'cabinet#1', 0.56, 0.029, 0.0)
      rebuild: (31, '070e65', 'pillow', 'seat', 0.7, 0.018, 0.0)
      rebuild: (32, '11477b', 'bench#2', 'bench', 0.57, 0.046, 0.0)
      rebuild: (32, '11477b', 'cabinet#3', 'cabinet#2', 0.62, 0.074, 0.0)
      rebuild: (33, '5bf532', 'cabinet#3', 'cabinet#2', 1.03, 0.011, 0.0)
      rebuild: (34, 'd33b61', 'table#1', 'table', 1.04, 0.0, 0.23)
      rebuild: (35, '5d8efa', 'cabinet#3', 'cabinet#4', 0.91, 0.0, 0.13)
      rebuild: (35, '5d8efa', 'cabinet#4', 'cabinet#2', 1.17, 0.0, 0.16)
      rebuild: (35, '5d8efa', 'cabinet#5', 'cabinet#1', 0.62, 0.0, 0.05)
      rebuild: (35, '5d8efa', 'cabinet#6', 'cabinet#2', 0.58, 0.029, 0.0)
   baseline tracking gate was IoU >= 0.3, and the handler's `iou >= 0.3` is in place: rebuild unreachable from the tracking loop (0 by construction)
exit 0
