Renderer: NVIDIA GeForce RTX 4090/PCIe/SSE2 by NVIDIA Corporation
OpenGL version: 4.6.0 NVIDIA 580.126.09
Using optional features:
    GL_ARB_vertex_array_object
    GL_ARB_separate_shader_objects
    GL_ARB_robustness
    GL_ARB_texture_storage
    GL_ARB_texture_view
    GL_ARB_framebuffer_no_attachments
    GL_ARB_invalidate_subdata
    GL_ARB_texture_storage_multisample
    GL_ARB_multi_bind
    GL_ARB_direct_state_access
    GL_ARB_get_texture_sub_image
    GL_ARB_texture_filter_anisotropic
    GL_KHR_debug
    GL_KHR_parallel_shader_compile
    GL_NV_depth_buffer_float
Using driver workarounds:
    no-forward-compatible-core-context
    nv-egl-incorrect-gl11-function-pointers
    no-layout-qualifiers-on-old-glsl
    nv-zero-context-profile-mask
    nv-implementation-color-read-format-dsa-broken
    nv-cubemap-inconsistent-compressed-image-size
    nv-cubemap-broken-full-compressed-image-query
    nv-compressed-block-size-in-bits
[23:43:34:840398]:[Warning]:[Metadata] SceneDatasetAttributes.cpp(107)::addNewSceneInstanceToDataset : Dataset : '00824-Dd4bFSTQ8gi' : Lighting Layout Attributes 'no_lights' specified in Scene Attributes but does not exist in dataset, so creating default.
Support diagnostic: {"counts": {"semantic_objects": 247, "support_categories": 247, "no_matching_collision_surface": 330, "points": 293, "height_filter": 27}, "source": "rendered semantic+depth", "support_categories": {"sofa chair": 10, "couch": 13, "pillow": 23, "decoration": 14, "oven": 2, "fireplace": 5, "flower vase": 19, "bed": 10, "bathtub": 2, "toilet": 2, "bathroom cabinet": 2, "sink": 5, "towel bar": 1, "towel": 2, "refrigerator": 7, "cabinet": 4, "book": 5, "bench": 3, "kitchen lower cabinet": 10, "stool": 8, "stove": 1, "kitchen counter": 3, "kitchen cabinet": 6, "vase": 3, "table": 7, "flowerpot": 19, "dining chair": 19, "bowl": 2, "tray": 2, "rack": 2, "blanket": 5, "dishwasher": 2, "dining table": 2, "shelf": 2, "chair": 9, "plate": 6, "desk chair": 6, "desk": 2, "mirror": 2}, "categories_sample": {"pillow": 23, "flower vase": 19, "flowerpot": 19, "dining chair": 19, "decoration": 14, "couch": 13, "sofa chair": 10, "bed": 10, "kitchen lower cabinet": 10, "chair": 9, "stool": 8, "refrigerator": 7, "table": 7, "kitchen cabinet": 6, "plate": 6, "desk chair": 6, "fireplace": 5, "sink": 5, "book": 5, "blanket": 5, "cabinet": 4, "bench": 3, "kitchen counter": 3, "vase": 3, "oven": 2, "bathtub": 2, "toilet": 2, "bathroom cabinet": 2, "towel": 2, "bowl": 2}, "aabb_samples": [{"category": "sofa chair", "min": [5.474913597106934, 0.5215219259262085, -5.8910932540893555], "max": [5.830524444580078, 0.5816981196403503, -5.24537467956543], "size": [0.35561084747314453, 0.060176193714141846, 0.6457185745239258]}, {"category": "sofa chair", "min": [5.4733405113220215, 0.5206270813941956, -4.463847637176514], "max": [5.735197067260742, 0.5810128450393677, -3.77376651763916], "size": [0.2618565559387207, 0.06038576364517212, 0.6900811195373535]}, {"category": "sofa chair", "min": [5.566359043121338, 0.5001916289329529, -4.605135440826416], "max": [6.117473602294922, 0.5189028978347778, -3.8460333347320557], "size": [0.551114559173584, 0.01871126890182495, 0.7591021060943604]}, {"category": "sofa chair", "min": [5.49214506149292, 0.47934919595718384, -5.8307976722717285], "max": [6.071710109710693, 0.5188366174697876, -5.154917240142822], "size": [0.5795650482177734, 0.03948742151260376, 0.6758804321289062]}, {"category": "couch", "min": [6.506155490875244, 0.6243531703948975, -7.193138122558594], "max": [8.780285835266113, 0.6705288290977478, -6.3533806800842285], "size": [2.274130344390869, 0.04617565870285034, 0.8397574424743652]}, {"category": "couch", "min": [6.63463020324707, 0.5675309300422668, -6.588858604431152], "max": [6.647607326507568, 0.579105019569397, -6.428921222686768], "size": [0.012977123260498047, 0.011574089527130127, 0.15993738174438477]}, {"category": "pillow", "min": [6.660154819488525, 0.5461000800132751, -6.496780872344971], "max": [6.723658561706543, 0.5875334143638611, -6.413331508636475], "size": [0.06350374221801758, 0.04143333435058594, 0.0834493637084961]}, {"category": "couch", "min": [6.6901984214782715, 0.36883851885795593, -6.492955684661865], "max": [8.024930953979492, 0.39038586616516113, -6.321213245391846], "size": [1.3347325325012207, 0.0215473473072052, 0.17174243927001953]}, {"category": "decoration", "min": [9.841412544250488, 1.2410240173339844, -2.8829474449157715], "max": [9.93724536895752, 1.2750365734100342, -2.454986572265625], "size": [0.09583282470703125, 0.034012556076049805, 0.4279608726501465]}, {"category": "oven", "min": [4.574206352233887, 1.1131706237792969, -0.8876997232437134], "max": [4.574206352233887, 1.1131706237792969, -0.8876997232437134], "size": [0.0, 0.0, 0.0]}, {"category": "decoration", "min": [9.848803520202637, 1.171973705291748, -2.7048180103302], "max": [9.894674301147461, 1.239858865737915, -2.5424718856811523], "size": [0.04587078094482422, 0.06788516044616699, 0.16234612464904785]}, {"category": "fireplace", "min": [9.077801704406738, 0.524387538433075, -2.1529736518859863], "max": [9.156092643737793, 0.532448947429657, -2.0545966625213623], "size": [0.07829093933105469, 0.008061408996582031, 0.09837698936462402]}]}
