Renderer: NVIDIA GeForce RTX 4090/PCIe/SSE2 by NVIDIA Corporation
OpenGL version: 4.6.0 NVIDIA 580.126.09
Using optional features:
    GL_ARB_vertex_array_object
    GL_ARB_separate_shader_objects
    GL_ARB_robustness
    GL_ARB_texture_storage
    GL_ARB_texture_view
    GL_ARB_framebuffer_no_attachments
    GL_ARB_invalidate_subdata
    GL_ARB_texture_storage_multisample
    GL_ARB_multi_bind
    GL_ARB_direct_state_access
    GL_ARB_get_texture_sub_image
    GL_ARB_texture_filter_anisotropic
    GL_KHR_debug
    GL_KHR_parallel_shader_compile
    GL_NV_depth_buffer_float
Using driver workarounds:
    no-forward-compatible-core-context
    nv-egl-incorrect-gl11-function-pointers
    no-layout-qualifiers-on-old-glsl
    nv-zero-context-profile-mask
    nv-implementation-color-read-format-dsa-broken
    nv-cubemap-inconsistent-compressed-image-size
    nv-cubemap-broken-full-compressed-image-query
    nv-compressed-block-size-in-bits
[23:43:54:648105]:[Warning]:[Metadata] SceneDatasetAttributes.cpp(107)::addNewSceneInstanceToDataset : Dataset : '00880-Nfvxx8J5NCo' : Lighting Layout Attributes 'no_lights' specified in Scene Attributes but does not exist in dataset, so creating default.
Support diagnostic: {"counts": {"semantic_objects": 135, "support_categories": 135, "no_matching_collision_surface": 258, "points": 176, "height_filter": 26}, "source": "rendered semantic+depth", "support_categories": {"table": 7, "bench": 2, "sink": 2, "chair": 24, "refrigerator": 3, "art frame": 2, "cabinet": 4, "shelf": 23, "oven and stove": 5, "trashcan": 2, "tv": 3, "decoration": 10, "bed": 2, "coffee maker": 2, "coffee machine": 2, "unknown": 9, "device": 1, "towel": 2, "sink cabinet": 2, "shower cabin": 2, "toilet paper": 1, "clothes": 4, "printer": 2, "office chair": 3, "desk": 1, "laptop": 2, "washing machine": 3, "ironing board": 5, "high shelf": 1, "clothes hanger": 2, "container": 1, "wardrobe": 1}, "categories_sample": {"chair": 24, "shelf": 23, "decoration": 10, "unknown": 9, "table": 7, "oven and stove": 5, "ironing board": 5, "cabinet": 4, "clothes": 4, "refrigerator": 3, "tv": 3, "office chair": 3, "washing machine": 3, "bench": 2, "sink": 2, "art frame": 2, "trashcan": 2, "bed": 2, "coffee maker": 2, "coffee machine": 2, "towel": 2, "sink cabinet": 2, "shower cabin": 2, "printer": 2, "laptop": 2, "clothes hanger": 2, "device": 1, "toilet paper": 1, "desk": 1, "high shelf": 1}, "aabb_samples": [{"category": "table", "min": [-14.778175354003906, 0.7602763772010803, -0.0038592114578932524], "max": [-13.067822456359863, 0.780497133731842, 1.0777617692947388], "size": [1.710352897644043, 0.02022075653076172, 1.081620980752632]}, {"category": "bench", "min": [-14.407820701599121, 0.4811955392360687, -0.2873402535915375], "max": [-13.318767547607422, 0.5168818235397339, 0.05102578178048134], "size": [1.0890531539916992, 0.03568628430366516, 0.3383660353720188]}, {"category": "table", "min": [-10.491806983947754, 0.8888678550720215, 2.8149147033691406], "max": [-9.523689270019531, 0.9082911610603333, 3.046499013900757], "size": [0.9681177139282227, 0.019423305988311768, 0.2315843105316162]}, {"category": "table", "min": [-10.8679838180542, 0.8877204060554504, 0.6259812116622925], "max": [-8.074321746826172, 0.9123290777206421, 1.7843732833862305], "size": [2.7936620712280273, 0.02460867166519165, 1.158392071723938]}, {"category": "sink", "min": [-9.982809066772461, 0.8403512835502625, 1.5482351779937744], "max": [-9.129671096801758, 0.9063385725021362, 1.6682690382003784], "size": [0.8531379699707031, 0.06598728895187378, 0.120033860206604]}, {"category": "chair", "min": [-13.88568115234375, 0.9549861550331116, 1.2267240285873413], "max": [-13.387838363647461, 0.9832720756530762, 1.271209716796875], "size": [0.49784278869628906, 0.0282859206199646, 0.04448568820953369]}, {"category": "refrigerator", "min": [-7.052018642425537, 0.8779577612876892, 0.8885810971260071], "max": [-7.045769214630127, 0.8785793781280518, 0.9277673363685608], "size": [0.006249427795410156, 0.0006216168403625488, 0.03918623924255371]}, {"category": "chair", "min": [-13.16469955444336, 0.4847809374332428, 0.4906858205795288], "max": [-12.998558044433594, 0.5055441856384277, 0.6660887002944946], "size": [0.16614151000976562, 0.020763248205184937, 0.17540287971496582]}, {"category": "art frame", "min": [-7.582076549530029, 0.7665325999259949, -2.0936899185180664], "max": [-7.4961395263671875, 0.776413083076477, -1.9624532461166382], "size": [0.0859370231628418, 0.009880483150482178, 0.13123667240142822]}, {"category": "art frame", "min": [-7.698253154754639, 0.4850940704345703, -2.1105332374572754], "max": [-7.495316982269287, 0.4944305121898651, -2.032888174057007], "size": [0.20293617248535156, 0.0093364417552948, 0.07764506340026855]}, {"category": "cabinet", "min": [-7.837947368621826, 0.4808821380138397, -3.705103874206543], "max": [-7.4961466789245605, 0.49585598707199097, -1.9942574501037598], "size": [0.3418006896972656, 0.014973849058151245, 1.7108464241027832]}, {"category": "table", "min": [-10.553794860839844, 0.48106610774993896, -2.5015323162078857], "max": [-10.412104606628418, 0.5160334706306458, -2.3114571571350098], "size": [0.14169025421142578, 0.03496736288070679, 0.19007515907287598]}]}
