Renderer: NVIDIA GeForce RTX 4090/PCIe/SSE2 by NVIDIA Corporation
OpenGL version: 4.6.0 NVIDIA 580.126.09
Using optional features:
    GL_ARB_vertex_array_object
    GL_ARB_separate_shader_objects
    GL_ARB_robustness
    GL_ARB_texture_storage
    GL_ARB_texture_view
    GL_ARB_framebuffer_no_attachments
    GL_ARB_invalidate_subdata
    GL_ARB_texture_storage_multisample
    GL_ARB_multi_bind
    GL_ARB_direct_state_access
    GL_ARB_get_texture_sub_image
    GL_ARB_texture_filter_anisotropic
    GL_KHR_debug
    GL_KHR_parallel_shader_compile
    GL_NV_depth_buffer_float
Using driver workarounds:
    no-forward-compatible-core-context
    nv-egl-incorrect-gl11-function-pointers
    no-layout-qualifiers-on-old-glsl
    nv-zero-context-profile-mask
    nv-implementation-color-read-format-dsa-broken
    nv-cubemap-inconsistent-compressed-image-size
    nv-cubemap-broken-full-compressed-image-query
    nv-compressed-block-size-in-bits
[00:10:03:533775]:[Warning]:[Metadata] SceneDatasetAttributes.cpp(107)::addNewSceneInstanceToDataset : Dataset : '00813-svBbv1Pavdk' : Lighting Layout Attributes 'no_lights' specified in Scene Attributes but does not exist in dataset, so creating default.
Support diagnostic: {"counts": {"semantic_objects": 185, "support_categories": 185, "no_matching_collision_surface": 290, "points": 260, "height_filter": 4}, "source": "rendered semantic+depth", "support_categories": {"worktop": 2, "sofa": 9, "table": 7, "desk": 3, "book": 6, "pillow": 22, "cabinet": 17, "chair": 43, "tray": 1, "stove": 2, "washing machine": 2, "clothes dryer": 2, "sink": 7, "mug": 2, "stool": 8, "basket": 5, "bed": 6, "unknown": 7, "shelving": 10, "blanket": 8, "cosmetics": 1, "toilet": 4, "bathtub": 1, "tv": 1, "refrigerator": 5, "box": 3, "clock": 1}, "categories_sample": {"chair": 43, "pillow": 22, "cabinet": 17, "shelving": 10, "sofa": 9, "stool": 8, "blanket": 8, "table": 7, "sink": 7, "unknown": 7, "book": 6, "bed": 6, "basket": 5, "refrigerator": 5, "toilet": 4, "desk": 3, "box": 3, "worktop": 2, "stove": 2, "washing machine": 2, "clothes dryer": 2, "mug": 2, "tray": 1, "cosmetics": 1, "bathtub": 1, "tv": 1, "clock": 1}, "aabb_samples": [{"category": "worktop", "min": [1.0563647747039795, 0.9206656813621521, 1.983858585357666], "max": [2.1081645488739014, 0.9449705481529236, 4.419651031494141], "size": [1.0517997741699219, 0.024304866790771484, 2.4357924461364746]}, {"category": "sofa", "min": [1.1599864959716797, 0.6820603013038635, -3.438394546508789], "max": [1.578336477279663, 0.7156417965888977, -1.869446039199829], "size": [0.4183499813079834, 0.03358149528503418, 1.56894850730896]}, {"category": "table", "min": [1.2143340110778809, 0.4584736227989197, -1.7331771850585938], "max": [1.4463679790496826, 0.46486446261405945, -1.3894333839416504], "size": [0.23203396797180176, 0.0063908398151397705, 0.34374380111694336]}, {"category": "desk", "min": [-0.6935182809829712, 0.7365068197250366, -3.2747864723205566], "max": [-0.2585568130016327, 0.759852945804596, -2.095545530319214], "size": [0.4349614679813385, 0.023346126079559326, 1.1792409420013428]}, {"category": "book", "min": [-0.3980950117111206, 0.7602805495262146, -2.763925075531006], "max": [-0.3469482362270355, 0.7768959999084473, -2.6992201805114746], "size": [0.05114677548408508, 0.016615450382232666, 0.06470489501953125]}, {"category": "sofa", "min": [1.3215911388397217, 0.6788396835327148, -3.4525582790374756], "max": [1.3215911388397217, 0.6788396835327148, -3.4525582790374756], "size": [0.0, 0.0, 0.0]}, {"category": "pillow", "min": [1.3407831192016602, 0.514939546585083, -2.4113094806671143], "max": [1.3407831192016602, 0.514939546585083, -2.4113094806671143], "size": [0.0, 0.0, 0.0]}, {"category": "pillow", "min": [1.352144718170166, 0.50310879945755, -2.184638261795044], "max": [1.3638675212860107, 0.5091167688369751, -2.1423375606536865], "size": [0.011722803115844727, 0.006007969379425049, 0.04230070114135742]}, {"category": "sofa", "min": [1.1146074533462524, 0.45114803314208984, -3.208864688873291], "max": [1.385325312614441, 0.5061097741127014, -1.8133364915847778], "size": [0.2707178592681885, 0.05496174097061157, 1.3955281972885132]}, {"category": "sofa", "min": [6.870713233947754, 0.5221612453460693, 0.15941447019577026], "max": [8.71214771270752, 0.559592068195343, 0.663364827632904], "size": [1.8414344787597656, 0.03743082284927368, 0.5039503574371338]}, {"category": "cabinet", "min": [7.2743916511535645, 0.46734464168548584, 3.885664939880371], "max": [8.538090705871582, 0.5168692469596863, 3.911611318588257], "size": [1.2636990547180176, 0.04952460527420044, 0.025946378707885742]}, {"category": "chair", "min": [3.91955304145813, 0.5214973092079163, 2.703950881958008], "max": [4.132841110229492, 0.5914340615272522, 3.210681676864624], "size": [0.2132880687713623, 0.06993675231933594, 0.5067307949066162]}]}
